Archive member included to satisfy reference by file (symbol)

C:/ST/STM32CubeIDE_1.15.0/STM32CubeIDE/plugins/com.st.stm32cube.ide.mcu.externaltools.gnu-tools-for-stm32.12.3.rel1.win32_1.0.100.202403111256/tools/bin/../lib/gcc/arm-none-eabi/12.3.1/../../../../arm-none-eabi/lib/thumb/v7e-m+fp/hard\libc_nano.a(libc_a-exit.o)
                              C:/ST/STM32CubeIDE_1.15.0/STM32CubeIDE/plugins/com.st.stm32cube.ide.mcu.externaltools.gnu-tools-for-stm32.12.3.rel1.win32_1.0.100.202403111256/tools/bin/../lib/gcc/arm-none-eabi/12.3.1/../../../../arm-none-eabi/lib/thumb/v7e-m+fp/hard/crt0.o (exit)
C:/ST/STM32CubeIDE_1.15.0/STM32CubeIDE/plugins/com.st.stm32cube.ide.mcu.externaltools.gnu-tools-for-stm32.12.3.rel1.win32_1.0.100.202403111256/tools/bin/../lib/gcc/arm-none-eabi/12.3.1/../../../../arm-none-eabi/lib/thumb/v7e-m+fp/hard\libc_nano.a(libc_a-findfp.o)
                              C:/ST/STM32CubeIDE_1.15.0/STM32CubeIDE/plugins/com.st.stm32cube.ide.mcu.externaltools.gnu-tools-for-stm32.12.3.rel1.win32_1.0.100.202403111256/tools/bin/../lib/gcc/arm-none-eabi/12.3.1/../../../../arm-none-eabi/lib/thumb/v7e-m+fp/hard\libc_nano.a(libc_a-exit.o) (__stdio_exit_handler)
C:/ST/STM32CubeIDE_1.15.0/STM32CubeIDE/plugins/com.st.stm32cube.ide.mcu.externaltools.gnu-tools-for-stm32.12.3.rel1.win32_1.0.100.202403111256/tools/bin/../lib/gcc/arm-none-eabi/12.3.1/../../../../arm-none-eabi/lib/thumb/v7e-m+fp/hard\libc_nano.a(libc_a-fwalk.o)
                              C:/ST/STM32CubeIDE_1.15.0/STM32CubeIDE/plugins/com.st.stm32cube.ide.mcu.externaltools.gnu-tools-for-stm32.12.3.rel1.win32_1.0.100.202403111256/tools/bin/../lib/gcc/arm-none-eabi/12.3.1/../../../../arm-none-eabi/lib/thumb/v7e-m+fp/hard\libc_nano.a(libc_a-findfp.o) (_fwalk_sglue)
C:/ST/STM32CubeIDE_1.15.0/STM32CubeIDE/plugins/com.st.stm32cube.ide.mcu.externaltools.gnu-tools-for-stm32.12.3.rel1.win32_1.0.100.202403111256/tools/bin/../lib/gcc/arm-none-eabi/12.3.1/../../../../arm-none-eabi/lib/thumb/v7e-m+fp/hard\libc_nano.a(libc_a-snprintf.o)
                              ./Core/Src/ssd1306_tests.o (snprintf)
C:/ST/STM32CubeIDE_1.15.0/STM32CubeIDE/plugins/com.st.stm32cube.ide.mcu.externaltools.gnu-tools-for-stm32.12.3.rel1.win32_1.0.100.202403111256/tools/bin/../lib/gcc/arm-none-eabi/12.3.1/../../../../arm-none-eabi/lib/thumb/v7e-m+fp/hard\libc_nano.a(libc_a-stdio.o)
                              C:/ST/STM32CubeIDE_1.15.0/STM32CubeIDE/plugins/com.st.stm32cube.ide.mcu.externaltools.gnu-tools-for-stm32.12.3.rel1.win32_1.0.100.202403111256/tools/bin/../lib/gcc/arm-none-eabi/12.3.1/../../../../arm-none-eabi/lib/thumb/v7e-m+fp/hard\libc_nano.a(libc_a-findfp.o) (__sread)
C:/ST/STM32CubeIDE_1.15.0/STM32CubeIDE/plugins/com.st.stm32cube.ide.mcu.externaltools.gnu-tools-for-stm32.12.3.rel1.win32_1.0.100.202403111256/tools/bin/../lib/gcc/arm-none-eabi/12.3.1/../../../../arm-none-eabi/lib/thumb/v7e-m+fp/hard\libc_nano.a(libc_a-memmove.o)
                              ./Core/Src/ssd1306_tests.o (memmove)
C:/ST/STM32CubeIDE_1.15.0/STM32CubeIDE/plugins/com.st.stm32cube.ide.mcu.externaltools.gnu-tools-for-stm32.12.3.rel1.win32_1.0.100.202403111256/tools/bin/../lib/gcc/arm-none-eabi/12.3.1/../../../../arm-none-eabi/lib/thumb/v7e-m+fp/hard\libc_nano.a(libc_a-memset.o)
                              C:/ST/STM32CubeIDE_1.15.0/STM32CubeIDE/plugins/com.st.stm32cube.ide.mcu.externaltools.gnu-tools-for-stm32.12.3.rel1.win32_1.0.100.202403111256/tools/bin/../lib/gcc/arm-none-eabi/12.3.1/../../../../arm-none-eabi/lib/thumb/v7e-m+fp/hard/crt0.o (memset)
C:/ST/STM32CubeIDE_1.15.0/STM32CubeIDE/plugins/com.st.stm32cube.ide.mcu.externaltools.gnu-tools-for-stm32.12.3.rel1.win32_1.0.100.202403111256/tools/bin/../lib/gcc/arm-none-eabi/12.3.1/../../../../arm-none-eabi/lib/thumb/v7e-m+fp/hard\libc_nano.a(libc_a-closer.o)
                              C:/ST/STM32CubeIDE_1.15.0/STM32CubeIDE/plugins/com.st.stm32cube.ide.mcu.externaltools.gnu-tools-for-stm32.12.3.rel1.win32_1.0.100.202403111256/tools/bin/../lib/gcc/arm-none-eabi/12.3.1/../../../../arm-none-eabi/lib/thumb/v7e-m+fp/hard\libc_nano.a(libc_a-stdio.o) (_close_r)
C:/ST/STM32CubeIDE_1.15.0/STM32CubeIDE/plugins/com.st.stm32cube.ide.mcu.externaltools.gnu-tools-for-stm32.12.3.rel1.win32_1.0.100.202403111256/tools/bin/../lib/gcc/arm-none-eabi/12.3.1/../../../../arm-none-eabi/lib/thumb/v7e-m+fp/hard\libc_nano.a(libc_a-reent.o)
                              C:/ST/STM32CubeIDE_1.15.0/STM32CubeIDE/plugins/com.st.stm32cube.ide.mcu.externaltools.gnu-tools-for-stm32.12.3.rel1.win32_1.0.100.202403111256/tools/bin/../lib/gcc/arm-none-eabi/12.3.1/../../../../arm-none-eabi/lib/thumb/v7e-m+fp/hard\libc_nano.a(libc_a-closer.o) (errno)
C:/ST/STM32CubeIDE_1.15.0/STM32CubeIDE/plugins/com.st.stm32cube.ide.mcu.externaltools.gnu-tools-for-stm32.12.3.rel1.win32_1.0.100.202403111256/tools/bin/../lib/gcc/arm-none-eabi/12.3.1/../../../../arm-none-eabi/lib/thumb/v7e-m+fp/hard\libc_nano.a(libc_a-impure.o)
[...]
Memory Configuration

Name             Origin             Length             Attributes
RAM              0x20000000         0x00020000         xrw
FLASH            0x08000000         0x00080000         xr
*default*        0x00000000         0xffffffff

Linker script and memory map

LOAD C:/ST/STM32CubeIDE_1.15.0/STM32CubeIDE/plugins/com.st.stm32cube.ide.mcu.externaltools.gnu-tools-for-stm32.12.3.rel1.win32_1.0.100.202403111256/tools/bin/../lib/gcc/arm-none-eabi/12.3.1/thumb/v7e-m+fp/hard/crti.o
LOAD C:/ST/STM32CubeIDE_1.15.0/STM32CubeIDE/plugins/com.st.stm32cube.ide.mcu.externaltools.gnu-tools-for-stm32.12.3.rel1.win32_1.0.100.202403111256/tools/bin/../lib/gcc/arm-none-eabi/12.3.1/thumb/v7e-m+fp/hard/crtbegin.o
LOAD C:/ST/STM32CubeIDE_1.15.0/STM32CubeIDE/plugins/com.st.stm32cube.ide.mcu.externaltools.gnu-tools-for-stm32.12.3.rel1.win32_1.0.100.202403111256/tools/bin/../lib/gcc/arm-none-eabi/12.3.1/../../../../arm-none-eabi/lib/thumb/v7e-m+fp/hard/crt0.o
LOAD ./Core/Src/main.o
LOAD ./Core/Src/pmsa003i.o
LOAD ./Core/Src/ssd1306.o
LOAD ./Core/Src/ssd1306_fonts.o
LOAD ./Core/Src/ssd1306_tests.o
LOAD ./Core/Src/stm32f4xx_hal_msp.o
LOAD ./Core/Src/stm32f4xx_it.o
LOAD ./Core/Src/syscalls.o
LOAD ./Core/Src/sysmem.o
LOAD ./Core/Src/system_stm32f4xx.o
LOAD ./Core/Startup/startup_stm32f411ceux.o
LOAD ./Drivers/STM32F4xx_HAL_Driver/Src/stm32f4xx_hal.o
LOAD ./Drivers/STM32F4xx_HAL_Driver/Src/stm32f4xx_hal_cortex.o
LOAD ./Drivers/STM32F4xx_HAL_Driver/Src/stm32f4xx_hal_dma.o
LOAD ./Drivers/STM32F4xx_HAL_Driver/Src/stm32f4xx_hal_dma_ex.o
LOAD ./Drivers/STM32F4xx_HAL_Driver/Src/stm32f4xx_hal_exti.o
LOAD ./Drivers/STM32F4xx_HAL_Driver/Src/stm32f4xx_hal_flash.o
LOAD ./Drivers/STM32F4xx_HAL_Driver/Src/stm32f4xx_hal_flash_ex.o
LOAD ./Drivers/STM32F4xx_HAL_Driver/Src/stm32f4xx_hal_flash_ramfunc.o
LOAD ./Drivers/STM32F4xx_HAL_Driver/Src/stm32f4xx_hal_gpio.o
LOAD ./Drivers/STM32F4xx_HAL_Driver/Src/stm32f4xx_hal_i2c.o
LOAD ./Drivers/STM32F4xx_HAL_Driver/Src/stm32f4xx_hal_i2c_ex.o
LOAD ./Drivers/STM32F4xx_HAL_Driver/Src/stm32f4xx_hal_pwr.o
LOAD ./Drivers/STM32F4xx_HAL_Driver/Src/stm32f4xx_hal_pwr_ex.o
LOAD ./Drivers/STM32F4xx_HAL_Driver/Src/stm32f4xx_hal_rcc.o
LOAD ./Drivers/STM32F4xx_HAL_Driver/Src/stm32f4xx_hal_rcc_ex.o
LOAD ./Drivers/STM32F4xx_HAL_Driver/Src/stm32f4xx_hal_spi.o
LOAD ./Drivers/STM32F4xx_HAL_Driver/Src/stm32f4xx_hal_tim.o
LOAD ./Drivers/STM32F4xx_HAL_Driver/Src/stm32f4xx_hal_tim_ex.o
START GROUP
LOAD C:/ST/STM32CubeIDE_1.15.0/STM32CubeIDE/plugins/com.st.stm32cube.ide.mcu.externaltools.gnu-tools-for-stm32.12.3.rel1.win32_1.0.100.202403111256/tools/bin/../lib/gcc/arm-none-eabi/12.3.1/../../../../arm-none-eabi/lib/thumb/v7e-m+fp/hard\libc_nano.a
LOAD C:/ST/STM32CubeIDE_1.15.0/STM32CubeIDE/plugins/com.st.stm32cube.ide.mcu.externaltools.gnu-tools-for-stm32.12.3.rel1.win32_1.0.100.202403111256/tools/bin/../lib/gcc/arm-none-eabi/12.3.1/../../../../arm-none-eabi/lib/thumb/v7e-m+fp/hard\libm.a
END GROUP
START GROUP
LOAD C:/ST/STM32CubeIDE_1.15.0/STM32CubeIDE/plugins/com.st.stm32cube.ide.mcu.externaltools.gnu-tools-for-stm32.12.3.rel1.win32_1.0.100.202403111256/tools/bin/../lib/gcc/arm-none-eabi/12.3.1/thumb/v7e-m+fp/hard\libgcc.a
LOAD C:/ST/STM32CubeIDE_1.15.0/STM32CubeIDE/plugins/com.st.stm32cube.ide.mcu.externaltools.gnu-tools-for-stm32.12.3.rel1.win32_1.0.100.202403111256/tools/bin/../lib/gcc/arm-none-eabi/12.3.1/../../../../arm-none-eabi/lib/thumb/v7e-m+fp/hard\libc_nano.a
END GROUP
START GROUP
LOAD C:/ST/STM32CubeIDE_1.15.0/STM32CubeIDE/plugins/com.st.stm32cube.ide.mcu.externaltools.gnu-tools-for-stm32.12.3.rel1.win32_1.0.100.202403111256/tools/bin/../lib/gcc/arm-none-eabi/12.3.1/thumb/v7e-m+fp/hard\libgcc.a
LOAD C:/ST/STM32CubeIDE_1.15.0/STM32CubeIDE/plugins/com.st.stm32cube.ide.mcu.externaltools.gnu-tools-for-stm32.12.3.rel1.win32_1.0.100.202403111256/tools/bin/../lib/gcc/arm-none-eabi/12.3.1/../../../../arm-none-eabi/lib/thumb/v7e-m+fp/hard\libc_nano.a
LOAD C:/ST/STM32CubeIDE_1.15.0/STM32CubeIDE/plugins/com.st.stm32cube.ide.mcu.externaltools.gnu-tools-for-stm32.12.3.rel1.win32_1.0.100.202403111256/tools/bin/../lib/gcc/arm-none-eabi/12.3.1/../../../../arm-none-eabi/lib/thumb/v7e-m+fp/hard\libnosys.a
END GROUP
START GROUP
LOAD C:/ST/STM32CubeIDE_1.15.0/STM32CubeIDE/plugins/com.st.stm32cube.ide.mcu.externaltools.gnu-tools-for-stm32.12.3.rel1.win32_1.0.100.202403111256/tools/bin/../lib/gcc/arm-none-eabi/12.3.1/thumb/v7e-m+fp/hard\libgcc.a
LOAD C:/ST/STM32CubeIDE_1.15.0/STM32CubeIDE/plugins/com.st.stm32cube.ide.mcu.externaltools.gnu-tools-for-stm32.12.3.rel1.win32_1.0.100.202403111256/tools/bin/../lib/gcc/arm-none-eabi/12.3.1/../../../../arm-none-eabi/lib/thumb/v7e-m+fp/hard\libc_nano.a
LOAD C:/ST/STM32CubeIDE_1.15.0/STM32CubeIDE/plugins/com.st.stm32cube.ide.mcu.externaltools.gnu-tools-for-stm32.12.3.rel1.win32_1.0.100.202403111256/tools/bin/../lib/gcc/arm-none-eabi/12.3.1/../../../../arm-none-eabi/lib/thumb/v7e-m+fp/hard\libnosys.a
END GROUP
LOAD C:/ST/STM32CubeIDE_1.15.0/STM32CubeIDE/plugins/com.st.stm32cube.ide.mcu.externaltools.gnu-tools-for-stm32.12.3.rel1.win32_1.0.100.202403111256/tools/bin/../lib/gcc/arm-none-eabi/12.3.1/thumb/v7e-m+fp/hard/crtend.o
LOAD C:/ST/STM32CubeIDE_1.15.0/STM32CubeIDE/plugins/com.st.stm32cube.ide.mcu.externaltools.gnu-tools-for-stm32.12.3.rel1.win32_1.0.100.202403111256/tools/bin/../lib/gcc/arm-none-eabi/12.3.1/thumb/v7e-m+fp/hard/crtn.o
                0x20020000                        _estack = (ORIGIN (RAM) + LENGTH (RAM))
                0x00000200                        _Min_Heap_Size = 0x200
                0x00000400                        _Min_Stack_Size = 0x400

.isr_vector     0x08000000      0x198
                0x08000000                        . = ALIGN (0x4)
 *(.isr_vector)
 .isr_vector    0x08000000      0x198 ./Core/Startup/startup_stm32f411ceux.o
                0x08000000                g_pfnVectors
                0x08000198                        . = ALIGN (0x4)

.text           0x08000198     0x42c4
                0x08000198                        . = ALIGN (0x4)
 *(.text)
 .text          0x08000198       0x40 C:/ST/STM32CubeIDE_1.15.0/STM32CubeIDE/plugins/com.st.stm32cube.ide.mcu.externaltools.gnu-tools-for-stm32.12.3.rel1.win32_1.0.100.202403111256/tools/bin/../lib/gcc/arm-none-eabi/12.3.1/thumb/v7e-m+fp/hard/crtbegin.o
 .text          0x080001d8       0x30 C:/ST/STM32CubeIDE_1.15.0/STM32CubeIDE/plugins/com.st.stm32cube.ide.mcu.externaltools.gnu-tools-for-stm32.12.3.rel1.win32_1.0.100.202403111256/tools/bin/../lib/gcc/arm-none-eabi/12.3.1/thumb/v7e-m+fp/hard\libgcc.a(_aeabi_uldivmod.o)
                0x080001d8                __aeabi_uldivmod
 .text          0x08000208      0x2bc C:/ST/STM32CubeIDE_1.15.0/STM32CubeIDE/plugins/com.st.stm32cube.ide.mcu.externaltools.gnu-tools-for-stm32.12.3.rel1.win32_1.0.100.202403111256/tools/bin/../lib/gcc/arm-none-eabi/12.3.1/thumb/v7e-m+fp/hard\libgcc.a(_udivmoddi4.o)
                0x08000208                __udivmoddi4
 .text          0x080004c4        0x4 C:/ST/STM32CubeIDE_1.15.0/STM32CubeIDE/plugins/com.st.stm32cube.ide.mcu.externaltools.gnu-tools-for-stm32.12.3.rel1.win32_1.0.100.202403111256/tools/bin/../lib/gcc/arm-none-eabi/12.3.1/thumb/v7e-m+fp/hard\libgcc.a(_dvmd_tls.o)
                0x080004c4                __aeabi_idiv0
                0x080004c4                __aeabi_ldiv0
 *(.text*)
 .text.main     0x080004c8      0x118 ./Core/Src/main.o
                0x080004c8                main
 .text.SystemClock_Config
                0x080005e0       0xd0 ./Core/Src/main.o
                0x080005e0                SystemClock_Config
 .text.MX_I2C1_Init
                0x080006b0       0x5c ./Core/Src/main.o
 .text.MX_I2C2_Init
                0x0800070c       0x5c ./Core/Src/main.o
 .text.MX_SPI1_Init
                0x08000768       0x6c ./Core/Src/main.o
 .text.MX_DMA_Init
                0x080007d4       0x50 ./Core/Src/main.o
 .text.MX_GPIO_Init
                0x08000824       0xa4 ./Core/Src/main.o
 .text.Error_Handler
                0x080008c8        0xc ./Core/Src/main.o
                0x080008c8                Error_Handler
 .text.PMSA003I_Init
                0x080008d4       0x7c ./Core/Src/pmsa003i.o
                0x080008d4                PMSA003I_Init
 .text.pmsa003i_ReadData
                0x08000950      0x13c ./Core/Src/pmsa003i.o
                0x08000950                pmsa003i_ReadData
 .text.ssd1306_Reset
                0x08000a8c        0xe ./Core/Src/ssd1306.o
                0x08000a8c                ssd1306_Reset
 *fill*         0x08000a9a        0x2 
 .text.ssd1306_WriteCommand
                0x08000a9c       0x30 ./Core/Src/ssd1306.o
                0x08000a9c                ssd1306_WriteCommand
 .text.ssd1306_WriteData
                0x08000acc       0x34 ./Core/Src/ssd1306.o
                0x08000acc                ssd1306_WriteData
 .text.ssd1306_Init
                0x08000b00       0xd4 ./Core/Src/ssd1306.o
                0x08000b00                ssd1306_Init
 .text.ssd1306_Fill
                0x08000bd4       0x30 ./Core/Src/ssd1306.o
                0x08000bd4                ssd1306_Fill
 .text.ssd1306_UpdateScreen
                0x08000c04       0x50 ./Core/Src/ssd1306.o
                0x08000c04                ssd1306_UpdateScreen
 .text.ssd1306_DrawPixel
                0x08000c54       0xa8 ./Core/Src/ssd1306.o
                0x08000c54                ssd1306_DrawPixel
 .text.ssd1306_WriteChar
                0x08000cfc      0x110 ./Core/Src/ssd1306.o
                0x08000cfc                ssd1306_WriteChar
 .text.ssd1306_WriteString
                0x08000e0c       0x4c ./Core/Src/ssd1306.o
                0x08000e0c                ssd1306_WriteString
 .text.ssd1306_SetCursor
                0x08000e58       0x30 ./Core/Src/ssd1306.o
                0x08000e58                ssd1306_SetCursor
 .text.ssd1306_SetContrast
                0x08000e88       0x26 ./Core/Src/ssd1306.o
                0x08000e88                ssd1306_SetContrast
 *fill*         0x08000eae        0x2 
 .text.ssd1306_SetDisplayOn
                0x08000eb0       0x3c ./Core/Src/ssd1306.o
                0x08000eb0                ssd1306_SetDisplayOn
 .text.ssd1306_print
                0x08000eec       0xb4 ./Core/Src/ssd1306_tests.o
                0x08000eec                ssd1306_print
 .text.HAL_MspInit
                0x08000fa0       0x50 ./Core/Src/stm32f4xx_hal_msp.o
                0x08000fa0                HAL_MspInit
 .text.HAL_I2C_MspInit
                0x08000ff0      0x118 ./Core/Src/stm32f4xx_hal_msp.o
                0x08000ff0                HAL_I2C_MspInit
 .text.HAL_SPI_MspInit
                0x08001108      0x16c ./Core/Src/stm32f4xx_hal_msp.o
                0x08001108                HAL_SPI_MspInit
 .text.NMI_Handler
                0x08001274        0x8 ./Core/Src/stm32f4xx_it.o
                0x08001274                NMI_Handler
 .text.HardFault_Handler
                0x0800127c        0x8 ./Core/Src/stm32f4xx_it.o
                0x0800127c                HardFault_Handler
 .text.MemManage_Handler
                0x08001284        0x8 ./Core/Src/stm32f4xx_it.o
                0x08001284                MemManage_Handler
 .text.BusFault_Handler
                0x0800128c        0x8 ./Core/Src/stm32f4xx_it.o
                0x0800128c                BusFault_Handler
 .text.UsageFault_Handler
                0x08001294        0x8 ./Core/Src/stm32f4xx_it.o
                0x08001294                UsageFault_Handler
 .text.SVC_Handler
                0x0800129c        0xe ./Core/Src/stm32f4xx_it.o
                0x0800129c                SVC_Handler
 .text.DebugMon_Handler
                0x080012aa        0xe ./Core/Src/stm32f4xx_it.o
                0x080012aa                DebugMon_Handler
 .text.PendSV_Handler
                0x080012b8        0xe ./Core/Src/stm32f4xx_it.o
                0x080012b8                PendSV_Handler
 .text.SysTick_Handler
                0x080012c6        0xc ./Core/Src/stm32f4xx_it.o
                0x080012c6                SysTick_Handler
 *fill*         0x080012d2        0x2 
 .text.SPI1_IRQHandler
                0x080012d4       0x14 ./Core/Src/stm32f4xx_it.o
                0x080012d4                SPI1_IRQHandler
 .text.DMA2_Stream0_IRQHandler
                0x080012e8       0x14 ./Core/Src/stm32f4xx_it.o
                0x080012e8                DMA2_Stream0_IRQHandler
 .text.DMA2_Stream2_IRQHandler
                0x080012fc       0x14 ./Core/Src/stm32f4xx_it.o
                0x080012fc                DMA2_Stream2_IRQHandler
 .text.SystemInit
                0x08001310       0x24 ./Core/Src/system_stm32f4xx.o
                0x08001310                SystemInit
 .text.Reset_Handler
                0x08001334       0x50 ./Core/Startup/startup_stm32f411ceux.o
                0x08001334                Reset_Handler
 .text.Default_Handler
                0x08001384        0x2 ./Core/Startup/startup_stm32f411ceux.o
                0x08001384                RTC_Alarm_IRQHandler
                0x08001384                EXTI2_IRQHandler
                0x08001384                SPI4_IRQHandler
                0x08001384                TIM1_CC_IRQHandler
                0x08001384                DMA2_Stream5_IRQHandler
                0x08001384                DMA1_Stream5_IRQHandler
                0x08001384                PVD_IRQHandler
                0x08001384                SDIO_IRQHandler
                0x08001384                TAMP_STAMP_IRQHandler
                0x08001384                EXTI3_IRQHandler
                0x08001384                TIM1_UP_TIM10_IRQHandler
                0x08001384                I2C3_ER_IRQHandler
                0x08001384                EXTI0_IRQHandler
                0x08001384                I2C2_EV_IRQHandler
                0x08001384                DMA1_Stream2_IRQHandler
                0x08001384                FPU_IRQHandler
                0x08001384                TIM1_BRK_TIM9_IRQHandler
                0x08001384                DMA2_Stream3_IRQHandler
                0x08001384                USART6_IRQHandler
                0x08001384                TIM4_IRQHandler
                0x08001384                I2C1_EV_IRQHandler
                0x08001384                DMA1_Stream6_IRQHandler
                0x08001384                DMA1_Stream1_IRQHandler
                0x08001384                TIM3_IRQHandler
                0x08001384                RCC_IRQHandler
                0x08001384                Default_Handler
                0x08001384                EXTI15_10_IRQHandler
                0x08001384                ADC_IRQHandler
                0x08001384                DMA1_Stream7_IRQHandler
                0x08001384                SPI5_IRQHandler
                0x08001384                TIM5_IRQHandler
                0x08001384                DMA2_Stream7_IRQHandler
                0x08001384                I2C3_EV_IRQHandler
                0x08001384                EXTI9_5_IRQHandler
                0x08001384                RTC_WKUP_IRQHandler
                0x08001384                SPI2_IRQHandler
                0x08001384                DMA1_Stream0_IRQHandler
                0x08001384                EXTI4_IRQHandler
                0x08001384                WWDG_IRQHandler
                0x08001384                TIM2_IRQHandler
                0x08001384                OTG_FS_WKUP_IRQHandler
                0x08001384                TIM1_TRG_COM_TIM11_IRQHandler
                0x08001384                EXTI1_IRQHandler
                0x08001384                USART2_IRQHandler
                0x08001384                I2C2_ER_IRQHandler
                0x08001384                DMA2_Stream1_IRQHandler
                0x08001384                FLASH_IRQHandler
                0x08001384                DMA2_Stream4_IRQHandler
                0x08001384                USART1_IRQHandler
                0x08001384                OTG_FS_IRQHandler
                0x08001384                SPI3_IRQHandler
                0x08001384                DMA1_Stream4_IRQHandler
                0x08001384                I2C1_ER_IRQHandler
                0x08001384                DMA2_Stream6_IRQHandler
                0x08001384                DMA1_Stream3_IRQHandler
 *fill*         0x08001386        0x2 
 .text.HAL_Init
                0x08001388       0x44 ./Drivers/STM32F4xx_HAL_Driver/Src/stm32f4xx_hal.o
                0x08001388                HAL_Init
 .text.HAL_InitTick
                0x080013cc       0x60 ./Drivers/STM32F4xx_HAL_Driver/Src/stm32f4xx_hal.o
                0x080013cc                HAL_InitTick
 .text.HAL_IncTick
                0x0800142c       0x28 ./Drivers/STM32F4xx_HAL_Driver/Src/stm32f4xx_hal.o
                0x0800142c                HAL_IncTick
 .text.HAL_GetTick
                0x08001454       0x18 ./Drivers/STM32F4xx_HAL_Driver/Src/stm32f4xx_hal.o
                0x08001454                HAL_GetTick
 .text.HAL_Delay
                0x0800146c       0x48 ./Drivers/STM32F4xx_HAL_Driver/Src/stm32f4xx_hal.o
                0x0800146c                HAL_Delay
 .text.__NVIC_SetPriorityGrouping
                0x080014b4       0x48 ./Drivers/STM32F4xx_HAL_Driver/Src/stm32f4xx_hal_cortex.o
 .text.__NVIC_GetPriorityGrouping
                0x080014fc       0x1c ./Drivers/STM32F4xx_HAL_Driver/Src/stm32f4xx_hal_cortex.o
 .text.__NVIC_EnableIRQ
                0x08001518       0x3c ./Drivers/STM32F4xx_HAL_Driver/Src/stm32f4xx_hal_cortex.o
 .text.__NVIC_SetPriority
                0x08001554       0x54 ./Drivers/STM32F4xx_HAL_Driver/Src/stm32f4xx_hal_cortex.o
 .text.NVIC_EncodePriority
                0x080015a8       0x66 ./Drivers/STM32F4xx_HAL_Driver/Src/stm32f4xx_hal_cortex.o
 *fill*         0x0800160e        0x2 
 .text.SysTick_Config
                0x08001610       0x44 ./Drivers/STM32F4xx_HAL_Driver/Src/stm32f4xx_hal_cortex.o
 .text.HAL_NVIC_SetPriorityGrouping
                0x08001654       0x16 ./Drivers/STM32F4xx_HAL_Driver/Src/stm32f4xx_hal_cortex.o
                0x08001654                HAL_NVIC_SetPriorityGrouping
 .text.HAL_NVIC_SetPriority
                0x0800166a       0x38 ./Drivers/STM32F4xx_HAL_Driver/Src/stm32f4xx_hal_cortex.o
                0x0800166a                HAL_NVIC_SetPriority
 .text.HAL_NVIC_EnableIRQ
                0x080016a2       0x1c ./Drivers/STM32F4xx_HAL_Driver/Src/stm32f4xx_hal_cortex.o
                0x080016a2                HAL_NVIC_EnableIRQ
 .text.HAL_SYSTICK_Config
                0x080016be       0x18 ./Drivers/STM32F4xx_HAL_Driver/Src/stm32f4xx_hal_cortex.o
                0x080016be                HAL_SYSTICK_Config
 *fill*         0x080016d6        0x2 
 .text.HAL_DMA_Init
                0x080016d8      0x15c ./Drivers/STM32F4xx_HAL_Driver/Src/stm32f4xx_hal_dma.o
                0x080016d8                HAL_DMA_Init
 .text.HAL_DMA_Start_IT
                0x08001834       0xb0 ./Drivers/STM32F4xx_HAL_Driver/Src/stm32f4xx_hal_dma.o
                0x08001834                HAL_DMA_Start_IT
 .text.HAL_DMA_Abort_IT
                0x080018e4       0x44 ./Drivers/STM32F4xx_HAL_Driver/Src/stm32f4xx_hal_dma.o
                0x080018e4                HAL_DMA_Abort_IT
 .text.HAL_DMA_IRQHandler
                0x08001928      0x314 ./Drivers/STM32F4xx_HAL_Driver/Src/stm32f4xx_hal_dma.o
                0x08001928                HAL_DMA_IRQHandler
 .text.DMA_SetConfig
                0x08001c3c       0x5c ./Drivers/STM32F4xx_HAL_Driver/Src/stm32f4xx_hal_dma.o
 .text.DMA_CalcBaseAndBitshift
                0x08001c98       0x6c ./Drivers/STM32F4xx_HAL_Driver/Src/stm32f4xx_hal_dma.o
 .text.DMA_CheckFifoParam
                0x08001d04       0xf8 ./Drivers/STM32F4xx_HAL_Driver/Src/stm32f4xx_hal_dma.o
 .text.HAL_GPIO_Init
                0x08001dfc      0x308 ./Drivers/STM32F4xx_HAL_Driver/Src/stm32f4xx_hal_gpio.o
                0x08001dfc                HAL_GPIO_Init
 .text.HAL_GPIO_WritePin
                0x08002104       0x32 ./Drivers/STM32F4xx_HAL_Driver/Src/stm32f4xx_hal_gpio.o
                0x08002104                HAL_GPIO_WritePin
 .text.HAL_GPIO_TogglePin
                0x08002136       0x34 ./Drivers/STM32F4xx_HAL_Driver/Src/stm32f4xx_hal_gpio.o
                0x08002136                HAL_GPIO_TogglePin
 *fill*         0x0800216a        0x2 
 .text.HAL_I2C_Init
                0x0800216c      0x288 ./Drivers/STM32F4xx_HAL_Driver/Src/stm32f4xx_hal_i2c.o
                0x0800216c                HAL_I2C_Init
 .text.HAL_I2C_Mem_Write
                0x080023f4      0x1f4 ./Drivers/STM32F4xx_HAL_Driver/Src/stm32f4xx_hal_i2c.o
                0x080023f4                HAL_I2C_Mem_Write
 .text.HAL_I2C_Mem_Read
                0x080025e8      0x464 ./Drivers/STM32F4xx_HAL_Driver/Src/stm32f4xx_hal_i2c.o
                0x080025e8                HAL_I2C_Mem_Read
 .text.I2C_RequestMemoryWrite
                0x08002a4c      0x12c ./Drivers/STM32F4xx_HAL_Driver/Src/stm32f4xx_hal_i2c.o
 .text.I2C_RequestMemoryRead
                0x08002b78      0x1d0 ./Drivers/STM32F4xx_HAL_Driver/Src/stm32f4xx_hal_i2c.o
 .text.I2C_WaitOnFlagUntilTimeout
                0x08002d48       0xf4 ./Drivers/STM32F4xx_HAL_Driver/Src/stm32f4xx_hal_i2c.o
 .text.I2C_WaitOnMasterAddressFlagUntilTimeout
                0x08002e3c      0x140 ./Drivers/STM32F4xx_HAL_Driver/Src/stm32f4xx_hal_i2c.o
 .text.I2C_WaitOnTXEFlagUntilTimeout
                0x08002f7c       0x90 ./Drivers/STM32F4xx_HAL_Driver/Src/stm32f4xx_hal_i2c.o
 .text.I2C_WaitOnBTFFlagUntilTimeout
                0x0800300c       0x90 ./Drivers/STM32F4xx_HAL_Driver/Src/stm32f4xx_hal_i2c.o
 .text.I2C_WaitOnRXNEFlagUntilTimeout
                0x0800309c       0xba ./Drivers/STM32F4xx_HAL_Driver/Src/stm32f4xx_hal_i2c.o
 .text.I2C_IsAcknowledgeFailed
                0x08003156       0x5e ./Drivers/STM32F4xx_HAL_Driver/Src/stm32f4xx_hal_i2c.o
 .text.HAL_RCC_OscConfig
                0x080031b4      0x4f0 ./Drivers/STM32F4xx_HAL_Driver/Src/stm32f4xx_hal_rcc.o
                0x080031b4                HAL_RCC_OscConfig
 .text.HAL_RCC_ClockConfig
                0x080036a4      0x1cc ./Drivers/STM32F4xx_HAL_Driver/Src/stm32f4xx_hal_rcc.o
                0x080036a4                HAL_RCC_ClockConfig
 .text.HAL_RCC_GetSysClockFreq
                0x08003870      0x18c ./Drivers/STM32F4xx_HAL_Driver/Src/stm32f4xx_hal_rcc.o
                0x08003870                HAL_RCC_GetSysClockFreq
 .text.HAL_RCC_GetHCLKFreq
                0x080039fc       0x18 ./Drivers/STM32F4xx_HAL_Driver/Src/stm32f4xx_hal_rcc.o
                0x080039fc                HAL_RCC_GetHCLKFreq
 .text.HAL_RCC_GetPCLK1Freq
                0x08003a14       0x28 ./Drivers/STM32F4xx_HAL_Driver/Src/stm32f4xx_hal_rcc.o
                0x08003a14                HAL_RCC_GetPCLK1Freq
 .text.HAL_SPI_Init
                0x08003a3c      0x112 ./Drivers/STM32F4xx_HAL_Driver/Src/stm32f4xx_hal_spi.o
                0x08003a3c                HAL_SPI_Init
 *fill*         0x08003b4e        0x2 
 .text.HAL_SPI_TransmitReceive_DMA
                0x08003b50      0x1f4 ./Drivers/STM32F4xx_HAL_Driver/Src/stm32f4xx_hal_spi.o
                0x08003b50                HAL_SPI_TransmitReceive_DMA
 .text.HAL_SPI_IRQHandler
                0x08003d44      0x1e8 ./Drivers/STM32F4xx_HAL_Driver/Src/stm32f4xx_hal_spi.o
                0x08003d44                HAL_SPI_IRQHandler
 .text.HAL_SPI_RxCpltCallback
                0x08003f2c       0x14 ./Drivers/STM32F4xx_HAL_Driver/Src/stm32f4xx_hal_spi.o
                0x08003f2c                HAL_SPI_RxCpltCallback
 .text.HAL_SPI_TxRxCpltCallback
                0x08003f40       0x14 ./Drivers/STM32F4xx_HAL_Driver/Src/stm32f4xx_hal_spi.o
                0x08003f40                HAL_SPI_TxRxCpltCallback
 .text.HAL_SPI_RxHalfCpltCallback
                0x08003f54       0x14 ./Drivers/STM32F4xx_HAL_Driver/Src/stm32f4xx_hal_spi.o
                0x08003f54                HAL_SPI_RxHalfCpltCallback
 .text.HAL_SPI_TxRxHalfCpltCallback
                0x08003f68       0x14 ./Drivers/STM32F4xx_HAL_Driver/Src/stm32f4xx_hal_spi.o
                0x08003f68                HAL_SPI_TxRxHalfCpltCallback
 .text.HAL_SPI_ErrorCallback
                0x08003f7c       0x14 ./Drivers/STM32F4xx_HAL_Driver/Src/stm32f4xx_hal_spi.o
                0x08003f7c                HAL_SPI_ErrorCallback
 .text.SPI_DMAReceiveCplt
                0x08003f90       0xa8 ./Drivers/STM32F4xx_HAL_Driver/Src/stm32f4xx_hal_spi.o
 .text.SPI_DMATransmitReceiveCplt
                0x08004038       0x90 ./Drivers/STM32F4xx_HAL_Driver/Src/stm32f4xx_hal_spi.o
 .text.SPI_DMAHalfReceiveCplt
                0x080040c8       0x1c ./Drivers/STM32F4xx_HAL_Driver/Src/stm32f4xx_hal_spi.o
 .text.SPI_DMAHalfTransmitReceiveCplt
                0x080040e4       0x1c ./Drivers/STM32F4xx_HAL_Driver/Src/stm32f4xx_hal_spi.o
 .text.SPI_DMAError
                0x08004100       0x40 ./Drivers/STM32F4xx_HAL_Driver/Src/stm32f4xx_hal_spi.o
 .text.SPI_DMAAbortOnError
                0x08004140       0x28 ./Drivers/STM32F4xx_HAL_Driver/Src/stm32f4xx_hal_spi.o
 .text.SPI_WaitFlagStateUntilTimeout
                0x08004168      0x110 ./Drivers/STM32F4xx_HAL_Driver/Src/stm32f4xx_hal_spi.o
 .text.SPI_EndRxTransaction
                0x08004278       0xca ./Drivers/STM32F4xx_HAL_Driver/Src/stm32f4xx_hal_spi.o
 *fill*         0x08004342        0x2 
 .text.SPI_EndRxTxTransaction
                0x08004344       0xa8 ./Drivers/STM32F4xx_HAL_Driver/Src/stm32f4xx_hal_spi.o
 .text.memset   0x080043ec       0x10 C:/ST/STM32CubeIDE_1.15.0/STM32CubeIDE/plugins/com.st.stm32cube.ide.mcu.externaltools.gnu-tools-for-stm32.12.3.rel1.win32_1.0.100.202403111256/tools/bin/../lib/gcc/arm-none-eabi/12.3.1/../../../../arm-none-eabi/lib/thumb/v7e-m+fp/hard\libc_nano.a(libc_a-memset.o)
                0x080043ec                memset
 .text.__libc_init_array
                0x080043fc       0x48 C:/ST/STM32CubeIDE_1.15.0/STM32CubeIDE/plugins/com.st.stm32cube.ide.mcu.externaltools.gnu-tools-for-stm32.12.3.rel1.win32_1.0.100.202403111256/tools/bin/../lib/gcc/arm-none-eabi/12.3.1/../../../../arm-none-eabi/lib/thumb/v7e-m+fp/hard\libc_nano.a(libc_a-init.o)
                0x080043fc                __libc_init_array
 *(.glue_7)
 .glue_7        0x08004444        0x0 linker stubs
 *(.glue_7t)
 .glue_7t       0x08004444        0x0 linker stubs
 *(.eh_frame)
 .eh_frame      0x08004444        0x0 C:/ST/STM32CubeIDE_1.15.0/STM32CubeIDE/plugins/com.st.stm32cube.ide.mcu.externaltools.gnu-tools-for-stm32.12.3.rel1.win32_1.0.100.202403111256/tools/bin/../lib/gcc/arm-none-eabi/12.3.1/thumb/v7e-m+fp/hard/crtbegin.o
 *(.init)
 .init          0x08004444        0x4 C:/ST/STM32CubeIDE_1.15.0/STM32CubeIDE/plugins/com.st.stm32cube.ide.mcu.externaltools.gnu-tools-for-stm32.12.3.rel1.win32_1.0.100.202403111256/tools/bin/../lib/gcc/arm-none-eabi/12.3.1/thumb/v7e-m+fp/hard/crti.o
                0x08004444                _init
 .init          0x08004448        0x8 C:/ST/STM32CubeIDE_1.15.0/STM32CubeIDE/plugins/com.st.stm32cube.ide.mcu.externaltools.gnu-tools-for-stm32.12.3.rel1.win32_1.0.100.202403111256/tools/bin/../lib/gcc/arm-none-eabi/12.3.1/thumb/v7e-m+fp/hard/crtn.o
 *(.fini)
 .fini          0x08004450        0x4 C:/ST/STM32CubeIDE_1.15.0/STM32CubeIDE/plugins/com.st.stm32cube.ide.mcu.externaltools.gnu-tools-for-stm32.12.3.rel1.win32_1.0.100.202403111256/tools/bin/../lib/gcc/arm-none-eabi/12.3.1/thumb/v7e-m+fp/hard/crti.o
                0x08004450                _fini
 .fini          0x08004454        0x8 C:/ST/STM32CubeIDE_1.15.0/STM32CubeIDE/plugins/com.st.stm32cube.ide.mcu.externaltools.gnu-tools-for-stm32.12.3.rel1.win32_1.0.100.202403111256/tools/bin/../lib/gcc/arm-none-eabi/12.3.1/thumb/v7e-m+fp/hard/crtn.o
                0x0800445c                        . = ALIGN (0x4)
                0x0800445c                        _etext = .

.vfp11_veneer   0x0800445c        0x0
 .vfp11_veneer  0x0800445c        0x0 linker stubs

.v4_bx          0x0800445c        0x0
 .v4_bx         0x0800445c        0x0 linker stubs

.iplt           0x0800445c        0x0
 .iplt          0x0800445c        0x0 C:/ST/STM32CubeIDE_1.15.0/STM32CubeIDE/plugins/com.st.stm32cube.ide.mcu.externaltools.gnu-tools-for-stm32.12.3.rel1.win32_1.0.100.202403111256/tools/bin/../lib/gcc/arm-none-eabi/12.3.1/thumb/v7e-m+fp/hard/crtbegin.o

.rodata         0x0800445c      0x79c
                0x0800445c                        . = ALIGN (0x4)
 *(.rodata)
 .rodata        0x0800445c       0x10 ./Core/Src/main.o
 *(.rodata*)
 .rodata.Font7x10
                0x0800446c      0x76c ./Core/Src/ssd1306_fonts.o
 .rodata.AHBPrescTable
                0x08004bd8       0x10 ./Core/Src/system_stm32f4xx.o
                0x08004bd8                AHBPrescTable
 .rodata.APBPrescTable
                0x08004be8        0x8 ./Core/Src/system_stm32f4xx.o
                0x08004be8                APBPrescTable
 .rodata.flagBitshiftOffset.0
                0x08004bf0        0x8 ./Drivers/STM32F4xx_HAL_Driver/Src/stm32f4xx_hal_dma.o
                0x08004bf8                        . = ALIGN (0x4)

.ARM.extab      0x08004bf8        0x0
                0x08004bf8                        . = ALIGN (0x4)
 *(.ARM.extab* .gnu.linkonce.armextab.*)
                0x08004bf8                        . = ALIGN (0x4)

.ARM            0x08004bf8        0x8
                0x08004bf8                        . = ALIGN (0x4)
                0x08004bf8                        __exidx_start = .
 *(.ARM.exidx*)
 .ARM.exidx     0x08004bf8        0x8 C:/ST/STM32CubeIDE_1.15.0/STM32CubeIDE/plugins/com.st.stm32cube.ide.mcu.externaltools.gnu-tools-for-stm32.12.3.rel1.win32_1.0.100.202403111256/tools/bin/../lib/gcc/arm-none-eabi/12.3.1/thumb/v7e-m+fp/hard\libgcc.a(_udivmoddi4.o)
                0x08004c00                        __exidx_end = .
                0x08004c00                        . = ALIGN (0x4)

.preinit_array  0x08004c00        0x0
                0x08004c00                        . = ALIGN (0x4)
                0x08004c00                        PROVIDE (__preinit_array_start = .)
 *(.preinit_array*)
                0x08004c00                        PROVIDE (__preinit_array_end = .)
                0x08004c00                        . = ALIGN (0x4)

.init_array     0x08004c00        0x4
                0x08004c00                        . = ALIGN (0x4)
                0x08004c00                        PROVIDE (__init_array_start = .)
 *(SORT_BY_NAME(.init_array.*))
 *(.init_array*)
 .init_array    0x08004c00        0x4 C:/ST/STM32CubeIDE_1.15.0/STM32CubeIDE/plugins/com.st.stm32cube.ide.mcu.externaltools.gnu-tools-for-stm32.12.3.rel1.win32_1.0.100.202403111256/tools/bin/../lib/gcc/arm-none-eabi/12.3.1/thumb/v7e-m+fp/hard/crtbegin.o
                0x08004c04                        PROVIDE (__init_array_end = .)
                0x08004c04                        . = ALIGN (0x4)

.fini_array     0x08004c04        0x4
                0x08004c04                        . = ALIGN (0x4)
                [!provide]                        PROVIDE (__fini_array_start = .)
 *(SORT_BY_NAME(.fini_array.*))
 *(.fini_array*)
 .fini_array    0x08004c04        0x4 C:/ST/STM32CubeIDE_1.15.0/STM32CubeIDE/plugins/com.st.stm32cube.ide.mcu.externaltools.gnu-tools-for-stm32.12.3.rel1.win32_1.0.100.202403111256/tools/bin/../lib/gcc/arm-none-eabi/12.3.1/thumb/v7e-m+fp/hard/crtbegin.o
                [!provide]                        PROVIDE (__fini_array_end = .)
                0x08004c08                        . = ALIGN (0x4)
                0x08004c08                        _sidata = LOADADDR (.data)

.rel.dyn        0x08004c08        0x0
 .rel.iplt      0x08004c08        0x0 C:/ST/STM32CubeIDE_1.15.0/STM32CubeIDE/plugins/com.st.stm32cube.ide.mcu.externaltools.gnu-tools-for-stm32.12.3.rel1.win32_1.0.100.202403111256/tools/bin/../lib/gcc/arm-none-eabi/12.3.1/thumb/v7e-m+fp/hard/crtbegin.o

.data           0x20000000       0x54 load address 0x08004c08
                0x20000000                        . = ALIGN (0x4)
                0x20000000                        _sdata = .
 *(.data)
 *(.data*)
 .data.buffer_tx
                0x20000000        0x4 ./Core/Src/main.o
                0x20000000                buffer_tx
 .data.line1.4  0x20000004        0xc ./Core/Src/main.o
 .data.line2.3  0x20000010        0xc ./Core/Src/main.o
 .data.line3.2  0x2000001c        0xc ./Core/Src/main.o
 .data.line4.1  0x20000028        0xc ./Core/Src/main.o
 .data.line5.0  0x20000034        0xc ./Core/Src/main.o
 .data.Font_7x10
                0x20000040        0x8 ./Core/Src/ssd1306_fonts.o
                0x20000040                Font_7x10
 .data.SystemCoreClock
                0x20000048        0x4 ./Core/Src/system_stm32f4xx.o
                0x20000048                SystemCoreClock
 .data.uwTickPrio
                0x2000004c        0x4 ./Drivers/STM32F4xx_HAL_Driver/Src/stm32f4xx_hal.o
                0x2000004c                uwTickPrio
 .data.uwTickFreq
                0x20000050        0x1 ./Drivers/STM32F4xx_HAL_Driver/Src/stm32f4xx_hal.o
                0x20000050                uwTickFreq
 *(.RamFunc)
 *(.RamFunc*)
                0x20000054                        . = ALIGN (0x4)
 *fill*         0x20000051        0x3 
                0x20000054                        _edata = .

.igot.plt       0x20000054        0x0 load address 0x08004c5c
 .igot.plt      0x20000054        0x0 C:/ST/STM32CubeIDE_1.15.0/STM32CubeIDE/plugins/com.st.stm32cube.ide.mcu.externaltools.gnu-tools-for-stm32.12.3.rel1.win32_1.0.100.202403111256/tools/bin/../lib/gcc/arm-none-eabi/12.3.1/thumb/v7e-m+fp/hard/crtbegin.o
                0x20000054                        . = ALIGN (0x4)

.bss            0x20000054      0x610 load address 0x08004c5c
                0x20000054                        _sbss = .
                0x20000054                        __bss_start__ = _sbss
 *(.bss)
 .bss           0x20000054       0x1c C:/ST/STM32CubeIDE_1.15.0/STM32CubeIDE/plugins/com.st.stm32cube.ide.mcu.externaltools.gnu-tools-for-stm32.12.3.rel1.win32_1.0.100.202403111256/tools/bin/../lib/gcc/arm-none-eabi/12.3.1/thumb/v7e-m+fp/hard/crtbegin.o
 *(.bss*)
 .bss.hi2c1     0x20000070       0x54 ./Core/Src/main.o
                0x20000070                hi2c1
 .bss.hi2c2     0x200000c4       0x54 ./Core/Src/main.o
                0x200000c4                hi2c2
 .bss.hspi1     0x20000118       0x58 ./Core/Src/main.o
                0x20000118                hspi1
 .bss.hdma_spi1_rx
                0x20000170       0x60 ./Core/Src/main.o
                0x20000170                hdma_spi1_rx
 .bss.hdma_spi1_tx
                0x200001d0       0x60 ./Core/Src/main.o
                0x200001d0                hdma_spi1_tx
 .bss.sensor_data
                0x20000230       0x24 ./Core/Src/main.o
                0x20000230                sensor_data
 .bss.buffer_rx
                0x20000254        0x4 ./Core/Src/main.o
                0x20000254                buffer_rx
 .bss.SSD1306_Buffer
                0x20000258      0x400 ./Core/Src/ssd1306.o
 .bss.SSD1306   0x20000658        0x6 ./Core/Src/ssd1306.o
 *fill*         0x2000065e        0x2 
 .bss.uwTick    0x20000660        0x4 ./Drivers/STM32F4xx_HAL_Driver/Src/stm32f4xx_hal.o
                0x20000660                uwTick
 *(COMMON)
                0x20000664                        . = ALIGN (0x4)
                0x20000664                        _ebss = .
                0x20000664                        __bss_end__ = _ebss

._user_heap_stack
                0x20000664      0x604 load address 0x08004c5c
                0x20000668                        . = ALIGN (0x8)
 *fill*         0x20000664        0x4 
                [!provide]                        PROVIDE (end = .)
                0x20000668                        PROVIDE (_end = .)
                0x20000868                        . = (. + _Min_Heap_Size)
 *fill*         0x20000668      0x200 
                0x20000c68                        . = (. + _Min_Stack_Size)
 *fill*         0x20000868      0x400 
                0x20000c68                        . = ALIGN (0x8)

/DISCARD/
 libc.a(*)
 libm.a(*)
 libgcc.a(*)

.ARM.attributes
                0x00000000       0x30
 *(.ARM.attributes)
 .ARM.attributes
                0x00000000       0x22 C:/ST/STM32CubeIDE_1.15.0/STM32CubeIDE/plugins/com.st.stm32cube.ide.mcu.externaltools.gnu-tools-for-stm32.12.3.rel1.win32_1.0.100.202403111256/tools/bin/../lib/gcc/arm-none-eabi/12.3.1/thumb/v7e-m+fp/hard/crti.o
 .ARM.attributes
                0x00000022       0x34 C:/ST/STM32CubeIDE_1.15.0/STM32CubeIDE/plugins/com.st.stm32cube.ide.mcu.externaltools.gnu-tools-for-stm32.12.3.rel1.win32_1.0.100.202403111256/tools/bin/../lib/gcc/arm-none-eabi/12.3.1/thumb/v7e-m+fp/hard/crtbegin.o
 .ARM.attributes
                0x00000056       0x34 ./Core/Src/main.o
 .ARM.attributes
                0x0000008a       0x34 ./Core/Src/pmsa003i.o
 .ARM.attributes
                0x000000be       0x34 ./Core/Src/ssd1306.o
 .ARM.attributes
                0x000000f2       0x34 ./Core/Src/ssd1306_fonts.o
 .ARM.attributes
                0x00000126       0x34 ./Core/Src/ssd1306_tests.o
 .ARM.attributes
                0x0000015a       0x34 ./Core/Src/stm32f4xx_hal_msp.o
 .ARM.attributes
                0x0000018e       0x34 ./Core/Src/stm32f4xx_it.o
 .ARM.attributes
                0x000001c2       0x34 ./Core/Src/system_stm32f4xx.o
 .ARM.attributes
                0x000001f6       0x21 ./Core/Startup/startup_stm32f411ceux.o
 .ARM.attributes
                0x00000217       0x34 ./Drivers/STM32F4xx_HAL_Driver/Src/stm32f4xx_hal.o
 .ARM.attributes
                0x0000024b       0x34 ./Drivers/STM32F4xx_HAL_Driver/Src/stm32f4xx_hal_cortex.o
 .ARM.attributes
                0x0000027f       0x34 ./Drivers/STM32F4xx_HAL_Driver/Src/stm32f4xx_hal_dma.o
 .ARM.attributes
                0x000002b3       0x34 ./Drivers/STM32F4xx_HAL_Driver/Src/stm32f4xx_hal_gpio.o
 .ARM.attributes
                0x000002e7       0x34 ./Drivers/STM32F4xx_HAL_Driver/Src/stm32f4xx_hal_i2c.o
 .ARM.attributes
                0x0000031b       0x34 ./Drivers/STM32F4xx_HAL_Driver/Src/stm32f4xx_hal_rcc.o
 .ARM.attributes
                0x0000034f       0x34 ./Drivers/STM32F4xx_HAL_Driver/Src/stm32f4xx_hal_spi.o
 .ARM.attributes
                0x00000383       0x34 C:/ST/STM32CubeIDE_1.15.0/STM32CubeIDE/plugins/com.st.stm32cube.ide.mcu.externaltools.gnu-tools-for-stm32.12.3.rel1.win32_1.0.100.202403111256/tools/bin/../lib/gcc/arm-none-eabi/12.3.1/../../../../arm-none-eabi/lib/thumb/v7e-m+fp/hard\libc_nano.a(libc_a-memset.o)
 .ARM.attributes
                0x000003b7       0x34 C:/ST/STM32CubeIDE_1.15.0/STM32CubeIDE/plugins/com.st.stm32cube.ide.mcu.externaltools.gnu-tools-for-stm32.12.3.rel1.win32_1.0.100.202403111256/tools/bin/../lib/gcc/arm-none-eabi/12.3.1/../../../../arm-none-eabi/lib/thumb/v7e-m+fp/hard\libc_nano.a(libc_a-init.o)
 .ARM.attributes
                0x000003eb       0x22 C:/ST/STM32CubeIDE_1.15.0/STM32CubeIDE/plugins/com.st.stm32cube.ide.mcu.externaltools.gnu-tools-for-stm32.12.3.rel1.win32_1.0.100.202403111256/tools/bin/../lib/gcc/arm-none-eabi/12.3.1/thumb/v7e-m+fp/hard\libgcc.a(_aeabi_uldivmod.o)
 .ARM.attributes
                0x0000040d       0x34 C:/ST/STM32CubeIDE_1.15.0/STM32CubeIDE/plugins/com.st.stm32cube.ide.mcu.externaltools.gnu-tools-for-stm32.12.3.rel1.win32_1.0.100.202403111256/tools/bin/../lib/gcc/arm-none-eabi/12.3.1/thumb/v7e-m+fp/hard\libgcc.a(_udivmoddi4.o)
 .ARM.attributes
                0x00000441       0x22 C:/ST/STM32CubeIDE_1.15.0/STM32CubeIDE/plugins/com.st.stm32cube.ide.mcu.externaltools.gnu-tools-for-stm32.12.3.rel1.win32_1.0.100.202403111256/tools/bin/../lib/gcc/arm-none-eabi/12.3.1/thumb/v7e-m+fp/hard\libgcc.a(_dvmd_tls.o)
 .ARM.attributes
                0x00000463       0x22 C:/ST/STM32CubeIDE_1.15.0/STM32CubeIDE/plugins/com.st.stm32cube.ide.mcu.externaltools.gnu-tools-for-stm32.12.3.rel1.win32_1.0.100.202403111256/tools/bin/../lib/gcc/arm-none-eabi/12.3.1/thumb/v7e-m+fp/hard/crtn.o
OUTPUT(AirQuality_STM32F411.elf elf32-littlearm)
LOAD linker stubs
LOAD C:/ST/STM32CubeIDE_1.15.0/STM32CubeIDE/plugins/com.st.stm32cube.ide.mcu.externaltools.gnu-tools-for-stm32.12.3.rel1.win32_1.0.100.202403111256/tools/bin/../lib/gcc/arm-none-eabi/12.3.1/../../../../arm-none-eabi/lib/thumb/v7e-m+fp/hard\libc.a
LOAD C:/ST/STM32CubeIDE_1.15.0/STM32CubeIDE/plugins/com.st.stm32cube.ide.mcu.externaltools.gnu-tools-for-stm32.12.3.rel1.win32_1.0.100.202403111256/tools/bin/../lib/gcc/arm-none-eabi/12.3.1/../../../../arm-none-eabi/lib/thumb/v7e-m+fp/hard\libm.a
LOAD C:/ST/STM32CubeIDE_1.15.0/STM32CubeIDE/plugins/com.st.stm32cube.ide.mcu.externaltools.gnu-tools-for-stm32.12.3.rel1.win32_1.0.100.202403111256/tools/bin/../lib/gcc/arm-none-eabi/12.3.1/thumb/v7e-m+fp/hard\libgcc.a

.debug_info     0x00000000     0xba9a
 .debug_info    0x00000000     0x1481 ./Core/Src/main.o
 .debug_info    0x00001481      0x7fe ./Core/Src/pmsa003i.o
 .debug_info    0x00001c7f     0x11df ./Core/Src/ssd1306.o
 .debug_info    0x00002e5e      0x216 ./Core/Src/ssd1306_fonts.o
 .debug_info    0x00003074      0x688 ./Core/Src/ssd1306_tests.o
 .debug_info    0x000036fc      0xef7 ./Core/Src/stm32f4xx_hal_msp.o
 .debug_info    0x000045f3      0x6b1 ./Core/Src/stm32f4xx_it.o
 .debug_info    0x00004ca4      0x53e ./Core/Src/system_stm32f4xx.o
 .debug_info    0x000051e2       0x30 ./Core/Startup/startup_stm32f411ceux.o
 .debug_info    0x00005212      0x8c4 ./Drivers/STM32F4xx_HAL_Driver/Src/stm32f4xx_hal.o
 .debug_info    0x00005ad6      0xcc7 ./Drivers/STM32F4xx_HAL_Driver/Src/stm32f4xx_hal_cortex.o
 .debug_info    0x0000679d      0x8e6 ./Drivers/STM32F4xx_HAL_Driver/Src/stm32f4xx_hal_dma.o
 .debug_info    0x00007083      0x6f9 ./Drivers/STM32F4xx_HAL_Driver/Src/stm32f4xx_hal_gpio.o
 .debug_info    0x0000777c     0x2426 ./Drivers/STM32F4xx_HAL_Driver/Src/stm32f4xx_hal_i2c.o
 .debug_info    0x00009ba2      0x8f2 ./Drivers/STM32F4xx_HAL_Driver/Src/stm32f4xx_hal_rcc.o
 .debug_info    0x0000a494     0x1606 ./Drivers/STM32F4xx_HAL_Driver/Src/stm32f4xx_hal_spi.o

.debug_abbrev   0x00000000     0x214c
 .debug_abbrev  0x00000000      0x30a ./Core/Src/main.o
 .debug_abbrev  0x0000030a      0x1a5 ./Core/Src/pmsa003i.o
 .debug_abbrev  0x000004af      0x329 ./Core/Src/ssd1306.o
 .debug_abbrev  0x000007d8       0xc6 ./Core/Src/ssd1306_fonts.o
 .debug_abbrev  0x0000089e      0x26a ./Core/Src/ssd1306_tests.o
 .debug_abbrev  0x00000b08      0x231 ./Core/Src/stm32f4xx_hal_msp.o
 .debug_abbrev  0x00000d39      0x17d ./Core/Src/stm32f4xx_it.o
 .debug_abbrev  0x00000eb6      0x11a ./Core/Src/system_stm32f4xx.o
 .debug_abbrev  0x00000fd0       0x24 ./Core/Startup/startup_stm32f411ceux.o
 .debug_abbrev  0x00000ff4      0x24b ./Drivers/STM32F4xx_HAL_Driver/Src/stm32f4xx_hal.o
 .debug_abbrev  0x0000123f      0x328 ./Drivers/STM32F4xx_HAL_Driver/Src/stm32f4xx_hal_cortex.o
 .debug_abbrev  0x00001567      0x221 ./Drivers/STM32F4xx_HAL_Driver/Src/stm32f4xx_hal_dma.o
 .debug_abbrev  0x00001788      0x1d3 ./Drivers/STM32F4xx_HAL_Driver/Src/stm32f4xx_hal_gpio.o
 .debug_abbrev  0x0000195b      0x2bc ./Drivers/STM32F4xx_HAL_Driver/Src/stm32f4xx_hal_i2c.o
 .debug_abbrev  0x00001c17      0x2b5 ./Drivers/STM32F4xx_HAL_Driver/Src/stm32f4xx_hal_rcc.o
 .debug_abbrev  0x00001ecc      0x280 ./Drivers/STM32F4xx_HAL_Driver/Src/stm32f4xx_hal_spi.o

.debug_aranges  0x00000000      0xb08
 .debug_aranges
                0x00000000       0x60 ./Core/Src/main.o
 .debug_aranges
                0x00000060       0x30 ./Core/Src/pmsa003i.o
 .debug_aranges
                0x00000090       0xe0 ./Core/Src/ssd1306.o
 .debug_aranges
                0x00000170       0x18 ./Core/Src/ssd1306_fonts.o
 .debug_aranges
                0x00000188       0x80 ./Core/Src/ssd1306_tests.o
 .debug_aranges
                0x00000208       0x40 ./Core/Src/stm32f4xx_hal_msp.o
 .debug_aranges
                0x00000248       0x78 ./Core/Src/stm32f4xx_it.o
 .debug_aranges
                0x000002c0       0x28 ./Core/Src/system_stm32f4xx.o
 .debug_aranges
                0x000002e8       0x28 ./Core/Startup/startup_stm32f411ceux.o
 .debug_aranges
                0x00000310       0xf0 ./Drivers/STM32F4xx_HAL_Driver/Src/stm32f4xx_hal.o
 .debug_aranges
                0x00000400      0x120 ./Drivers/STM32F4xx_HAL_Driver/Src/stm32f4xx_hal_cortex.o
 .debug_aranges
                0x00000520       0x90 ./Drivers/STM32F4xx_HAL_Driver/Src/stm32f4xx_hal_dma.o
 .debug_aranges
                0x000005b0       0x58 ./Drivers/STM32F4xx_HAL_Driver/Src/stm32f4xx_hal_gpio.o
 .debug_aranges
                0x00000608      0x2a8 ./Drivers/STM32F4xx_HAL_Driver/Src/stm32f4xx_hal_i2c.o
 .debug_aranges
                0x000008b0       0x88 ./Drivers/STM32F4xx_HAL_Driver/Src/stm32f4xx_hal_rcc.o
 .debug_aranges
                0x00000938      0x1d0 ./Drivers/STM32F4xx_HAL_Driver/Src/stm32f4xx_hal_spi.o

.debug_rnglists
                0x00000000      0x86d
 .debug_rnglists
                0x00000000       0x47 ./Core/Src/main.o
 .debug_rnglists
                0x00000047       0x20 ./Core/Src/pmsa003i.o
 .debug_rnglists
                0x00000067       0xad ./Core/Src/ssd1306.o
 .debug_rnglists
                0x00000114       0x61 ./Core/Src/ssd1306_tests.o
 .debug_rnglists
                0x00000175       0x2d ./Core/Src/stm32f4xx_hal_msp.o
 .debug_rnglists
                0x000001a2       0x55 ./Core/Src/stm32f4xx_it.o
 .debug_rnglists
                0x000001f7       0x1a ./Core/Src/system_stm32f4xx.o
 .debug_rnglists
                0x00000211       0x19 ./Core/Startup/startup_stm32f411ceux.o
 .debug_rnglists
                0x0000022a       0xaf ./Drivers/STM32F4xx_HAL_Driver/Src/stm32f4xx_hal.o
 .debug_rnglists
                0x000002d9       0xd4 ./Drivers/STM32F4xx_HAL_Driver/Src/stm32f4xx_hal_cortex.o
 .debug_rnglists
                0x000003ad       0x70 ./Drivers/STM32F4xx_HAL_Driver/Src/stm32f4xx_hal_dma.o
 .debug_rnglists
                0x0000041d       0x3f ./Drivers/STM32F4xx_HAL_Driver/Src/stm32f4xx_hal_gpio.o
 .debug_rnglists
                0x0000045c      0x23c ./Drivers/STM32F4xx_HAL_Driver/Src/stm32f4xx_hal_i2c.o
 .debug_rnglists
                0x00000698       0x66 ./Drivers/STM32F4xx_HAL_Driver/Src/stm32f4xx_hal_rcc.o
 .debug_rnglists
                0x000006fe      0x16f ./Drivers/STM32F4xx_HAL_Driver/Src/stm32f4xx_hal_spi.o

.debug_macro    0x00000000    0x168a9
 .debug_macro   0x00000000      0x336 ./Core/Src/main.o
 .debug_macro   0x00000336      0xab4 ./Core/Src/main.o
 .debug_macro   0x00000dea      0x29b ./Core/Src/main.o
 .debug_macro   0x00001085       0x2e ./Core/Src/main.o
 .debug_macro   0x000010b3       0x28 ./Core/Src/main.o
 .debug_macro   0x000010db       0x22 ./Core/Src/main.o
 .debug_macro   0x000010fd       0x8e ./Core/Src/main.o
 .debug_macro   0x0000118b       0x51 ./Core/Src/main.o
 .debug_macro   0x000011dc      0x103 ./Core/Src/main.o
 .debug_macro   0x000012df       0x6a ./Core/Src/main.o
 .debug_macro   0x00001349      0x1df ./Core/Src/main.o
 .debug_macro   0x00001528       0x1c ./Core/Src/main.o
 .debug_macro   0x00001544       0x22 ./Core/Src/main.o
 .debug_macro   0x00001566       0xfb ./Core/Src/main.o
 .debug_macro   0x00001661     0x1011 ./Core/Src/main.o
 .debug_macro   0x00002672      0x11f ./Core/Src/main.o
 .debug_macro   0x00002791     0xb953 ./Core/Src/main.o
 .debug_macro   0x0000e0e4       0x6d ./Core/Src/main.o
 .debug_macro   0x0000e151     0x368c ./Core/Src/main.o
 .debug_macro   0x000117dd      0x189 ./Core/Src/main.o
 .debug_macro   0x00011966       0x5c ./Core/Src/main.o
 .debug_macro   0x000119c2      0x45c ./Core/Src/main.o
 .debug_macro   0x00011e1e      0x9e9 ./Core/Src/main.o
 .debug_macro   0x00012807      0x115 ./Core/Src/main.o
 .debug_macro   0x0001291c      0x11b ./Core/Src/main.o
 .debug_macro   0x00012a37       0xa5 ./Core/Src/main.o
 .debug_macro   0x00012adc      0x15f ./Core/Src/main.o
 .debug_macro   0x00012c3b      0x287 ./Core/Src/main.o
 .debug_macro   0x00012ec2       0x5f ./Core/Src/main.o
 .debug_macro   0x00012f21      0x236 ./Core/Src/main.o
 .debug_macro   0x00013157      0x132 ./Core/Src/main.o
 .debug_macro   0x00013289      0x264 ./Core/Src/main.o
 .debug_macro   0x000134ed       0x2e ./Core/Src/main.o
 .debug_macro   0x0001351b      0x1b5 ./Core/Src/main.o
 .debug_macro   0x000136d0       0x22 ./Core/Src/main.o
 .debug_macro   0x000136f2       0xd6 ./Core/Src/main.o
 .debug_macro   0x000137c8      0x127 ./Core/Src/main.o
 .debug_macro   0x000138ef       0x85 ./Core/Src/main.o
 .debug_macro   0x00013974       0x89 ./Core/Src/main.o
 .debug_macro   0x000139fd      0x225 ./Core/Src/main.o
 .debug_macro   0x00013c22      0x126 ./Core/Src/main.o
 .debug_macro   0x00013d48       0x61 ./Core/Src/main.o
 .debug_macro   0x00013da9       0x2a ./Core/Src/main.o
 .debug_macro   0x00013dd3       0x43 ./Core/Src/main.o
 .debug_macro   0x00013e16       0x34 ./Core/Src/main.o
 .debug_macro   0x00013e4a       0x16 ./Core/Src/main.o
 .debug_macro   0x00013e60       0x35 ./Core/Src/main.o
 .debug_macro   0x00013e95      0x369 ./Core/Src/main.o
 .debug_macro   0x000141fe       0x10 ./Core/Src/main.o
 .debug_macro   0x0001420e       0x16 ./Core/Src/main.o
 .debug_macro   0x00014224       0x43 ./Core/Src/main.o
 .debug_macro   0x00014267       0x34 ./Core/Src/main.o
 .debug_macro   0x0001429b       0x10 ./Core/Src/main.o
 .debug_macro   0x000142ab       0x58 ./Core/Src/main.o
 .debug_macro   0x00014303       0x8e ./Core/Src/main.o
 .debug_macro   0x00014391       0x1c ./Core/Src/main.o
 .debug_macro   0x000143ad      0x177 ./Core/Src/main.o
 .debug_macro   0x00014524       0x16 ./Core/Src/main.o
 .debug_macro   0x0001453a       0x16 ./Core/Src/main.o
 .debug_macro   0x00014550      0x146 ./Core/Src/main.o
 .debug_macro   0x00014696       0x16 ./Core/Src/main.o
 .debug_macro   0x000146ac       0x20 ./Core/Src/main.o
 .debug_macro   0x000146cc       0x40 ./Core/Src/main.o
 .debug_macro   0x0001470c       0x10 ./Core/Src/main.o
 .debug_macro   0x0001471c       0x40 ./Core/Src/main.o
 .debug_macro   0x0001475c       0x22 ./Core/Src/main.o
 .debug_macro   0x0001477e       0xac ./Core/Src/main.o
 .debug_macro   0x0001482a      0x2b9 ./Core/Src/pmsa003i.o
 .debug_macro   0x00014ae3       0x10 ./Core/Src/pmsa003i.o
 .debug_macro   0x00014af3      0x307 ./Core/Src/ssd1306.o
 .debug_macro   0x00014dfa       0x5b ./Core/Src/ssd1306.o
 .debug_macro   0x00014e55       0x94 ./Core/Src/ssd1306.o
 .debug_macro   0x00014ee9       0x28 ./Core/Src/ssd1306.o
 .debug_macro   0x00014f11       0x57 ./Core/Src/ssd1306.o
 .debug_macro   0x00014f68      0x19b ./Core/Src/ssd1306.o
 .debug_macro   0x00015103       0x16 ./Core/Src/ssd1306.o
 .debug_macro   0x00015119       0x16 ./Core/Src/ssd1306.o
 .debug_macro   0x0001512f       0x29 ./Core/Src/ssd1306.o
 .debug_macro   0x00015158       0x76 ./Core/Src/ssd1306_fonts.o
 .debug_macro   0x000151ce      0x304 ./Core/Src/ssd1306_tests.o
 .debug_macro   0x000154d2       0x1c ./Core/Src/ssd1306_tests.o
 .debug_macro   0x000154ee       0x1c ./Core/Src/ssd1306_tests.o
 .debug_macro   0x0001550a       0x56 ./Core/Src/ssd1306_tests.o
 .debug_macro   0x00015560      0x1dd ./Core/Src/stm32f4xx_hal_msp.o
 .debug_macro   0x0001573d      0x1e7 ./Core/Src/stm32f4xx_it.o
 .debug_macro   0x00015924      0x1d3 ./Core/Src/system_stm32f4xx.o
 .debug_macro   0x00015af7      0x233 ./Drivers/STM32F4xx_HAL_Driver/Src/stm32f4xx_hal.o
 .debug_macro   0x00015d2a      0x1d3 ./Drivers/STM32F4xx_HAL_Driver/Src/stm32f4xx_hal_cortex.o
 .debug_macro   0x00015efd      0x1d9 ./Drivers/STM32F4xx_HAL_Driver/Src/stm32f4xx_hal_dma.o
 .debug_macro   0x000160d6      0x1d9 ./Drivers/STM32F4xx_HAL_Driver/Src/stm32f4xx_hal_gpio.o
 .debug_macro   0x000162af      0x221 ./Drivers/STM32F4xx_HAL_Driver/Src/stm32f4xx_hal_i2c.o
 .debug_macro   0x000164d0      0x1f7 ./Drivers/STM32F4xx_HAL_Driver/Src/stm32f4xx_hal_rcc.o
 .debug_macro   0x000166c7      0x1e2 ./Drivers/STM32F4xx_HAL_Driver/Src/stm32f4xx_hal_spi.o

.debug_line     0x00000000     0xe7cf
 .debug_line    0x00000000      0xba9 ./Core/Src/main.o
 .debug_line    0x00000ba9      0x9f3 ./Core/Src/pmsa003i.o
 .debug_line    0x0000159c     0x1058 ./Core/Src/ssd1306.o
 .debug_line    0x000025f4      0x434 ./Core/Src/ssd1306_fonts.o
 .debug_line    0x00002a28      0xbaf ./Core/Src/ssd1306_tests.o
 .debug_line    0x000035d7      0x87d ./Core/Src/stm32f4xx_hal_msp.o
 .debug_line    0x00003e54      0x858 ./Core/Src/stm32f4xx_it.o
 .debug_line    0x000046ac      0x7d2 ./Core/Src/system_stm32f4xx.o
 .debug_line    0x00004e7e       0x7a ./Core/Startup/startup_stm32f411ceux.o
 .debug_line    0x00004ef8      0xa3b ./Drivers/STM32F4xx_HAL_Driver/Src/stm32f4xx_hal.o
 .debug_line    0x00005933      0xd03 ./Drivers/STM32F4xx_HAL_Driver/Src/stm32f4xx_hal_cortex.o
 .debug_line    0x00006636      0xfab ./Drivers/STM32F4xx_HAL_Driver/Src/stm32f4xx_hal_dma.o
 .debug_line    0x000075e1      0xb8b ./Drivers/STM32F4xx_HAL_Driver/Src/stm32f4xx_hal_gpio.o
 .debug_line    0x0000816c     0x3b81 ./Drivers/STM32F4xx_HAL_Driver/Src/stm32f4xx_hal_i2c.o
 .debug_line    0x0000bced      0xdac ./Drivers/STM32F4xx_HAL_Driver/Src/stm32f4xx_hal_rcc.o
 .debug_line    0x0000ca99     0x1d36 ./Drivers/STM32F4xx_HAL_Driver/Src/stm32f4xx_hal_spi.o

.debug_str      0x00000000    0x889dd
 .debug_str     0x00000000    0x85887 ./Core/Src/main.o
                              0x85bc1 (size before relaxing)
 .debug_str     0x00085887       0x47 ./Core/Src/pmsa003i.o
                              0x84923 (size before relaxing)
 .debug_str     0x000858ce      0xccc ./Core/Src/ssd1306.o
                              0x854fc (size before relaxing)
 .debug_str     0x0008659a       0x7f ./Core/Src/ssd1306_fonts.o
                               0x3ece (size before relaxing)
 .debug_str     0x00086619      0x17b ./Core/Src/ssd1306_tests.o
                              0x84be7 (size before relaxing)
 .debug_str     0x00086794       0xba ./Core/Src/stm32f4xx_hal_msp.o
                              0x81bfa (size before relaxing)
 .debug_str     0x0008684e      0x12f ./Core/Src/stm32f4xx_it.o
                              0x81466 (size before relaxing)
 .debug_str     0x0008697d       0xdb ./Core/Src/system_stm32f4xx.o
                              0x810ba (size before relaxing)
 .debug_str     0x00086a58       0x44 ./Core/Startup/startup_stm32f411ceux.o
                                 0x8c (size before relaxing)
 .debug_str     0x00086a9c      0x5f7 ./Drivers/STM32F4xx_HAL_Driver/Src/stm32f4xx_hal.o
                              0x81ae6 (size before relaxing)
 .debug_str     0x00087093      0x330 ./Drivers/STM32F4xx_HAL_Driver/Src/stm32f4xx_hal_cortex.o
                              0x8181e (size before relaxing)
 .debug_str     0x000873c3      0x2eb ./Drivers/STM32F4xx_HAL_Driver/Src/stm32f4xx_hal_dma.o
                              0x814c2 (size before relaxing)
 .debug_str     0x000876ae      0x109 ./Drivers/STM32F4xx_HAL_Driver/Src/stm32f4xx_hal_gpio.o
                              0x81235 (size before relaxing)
 .debug_str     0x000877b7      0xaf0 ./Drivers/STM32F4xx_HAL_Driver/Src/stm32f4xx_hal_i2c.o
                              0x820cb (size before relaxing)
 .debug_str     0x000882a7      0x213 ./Drivers/STM32F4xx_HAL_Driver/Src/stm32f4xx_hal_rcc.o
                              0x814ee (size before relaxing)
 .debug_str     0x000884ba      0x523 ./Drivers/STM32F4xx_HAL_Driver/Src/stm32f4xx_hal_spi.o
                              0x8196c (size before relaxing)

.comment        0x00000000       0x43
 .comment       0x00000000       0x43 ./Core/Src/main.o
                                 0x44 (size before relaxing)
 .comment       0x00000043       0x44 ./Core/Src/pmsa003i.o
 .comment       0x00000043       0x44 ./Core/Src/ssd1306.o
 .comment       0x00000043       0x44 ./Core/Src/ssd1306_fonts.o
 .comment       0x00000043       0x44 ./Core/Src/ssd1306_tests.o
 .comment       0x00000043       0x44 ./Core/Src/stm32f4xx_hal_msp.o
 .comment       0x00000043       0x44 ./Core/Src/stm32f4xx_it.o
 .comment       0x00000043       0x44 ./Core/Src/system_stm32f4xx.o
 .comment       0x00000043       0x44 ./Drivers/STM32F4xx_HAL_Driver/Src/stm32f4xx_hal.o
 .comment       0x00000043       0x44 ./Drivers/STM32F4xx_HAL_Driver/Src/stm32f4xx_hal_cortex.o
 .comment       0x00000043       0x44 ./Drivers/STM32F4xx_HAL_Driver/Src/stm32f4xx_hal_dma.o
 .comment       0x00000043       0x44 ./Drivers/STM32F4xx_HAL_Driver/Src/stm32f4xx_hal_gpio.o
 .comment       0x00000043       0x44 ./Drivers/STM32F4xx_HAL_Driver/Src/stm32f4xx_hal_i2c.o
 .comment       0x00000043       0x44 ./Drivers/STM32F4xx_HAL_Driver/Src/stm32f4xx_hal_rcc.o
 .comment       0x00000043       0x44 ./Drivers/STM32F4xx_HAL_Driver/Src/stm32f4xx_hal_spi.o

.debug_frame    0x00000000     0x2ce4
 .debug_frame   0x00000000      0x130 ./Core/Src/main.o
 .debug_frame   0x00000130       0x84 ./Core/Src/pmsa003i.o
 .debug_frame   0x000001b4      0x3b8 ./Core/Src/ssd1306.o
 .debug_frame   0x0000056c      0x1ec ./Core/Src/ssd1306_tests.o
 .debug_frame   0x00000758       0xc8 ./Core/Src/stm32f4xx_hal_msp.o
 .debug_frame   0x00000820      0x158 ./Core/Src/stm32f4xx_it.o
 .debug_frame   0x00000978       0x58 ./Core/Src/system_stm32f4xx.o
 .debug_frame   0x000009d0      0x374 ./Drivers/STM32F4xx_HAL_Driver/Src/stm32f4xx_hal.o
 .debug_frame   0x00000d44      0x4b8 ./Drivers/STM32F4xx_HAL_Driver/Src/stm32f4xx_hal_cortex.o
 .debug_frame   0x000011fc      0x250 ./Drivers/STM32F4xx_HAL_Driver/Src/stm32f4xx_hal_dma.o
 .debug_frame   0x0000144c      0x14c ./Drivers/STM32F4xx_HAL_Driver/Src/stm32f4xx_hal_gpio.o
 .debug_frame   0x00001598      0xc84 ./Drivers/STM32F4xx_HAL_Driver/Src/stm32f4xx_hal_i2c.o
 .debug_frame   0x0000221c      0x1f4 ./Drivers/STM32F4xx_HAL_Driver/Src/stm32f4xx_hal_rcc.o
 .debug_frame   0x00002410      0x828 ./Drivers/STM32F4xx_HAL_Driver/Src/stm32f4xx_hal_spi.o
 .debug_frame   0x00002c38       0x20 C:/ST/STM32CubeIDE_1.15.0/STM32CubeIDE/plugins/com.st.stm32cube.ide.mcu.externaltools.gnu-tools-for-stm32.12.3.rel1.win32_1.0.100.202403111256/tools/bin/../lib/gcc/arm-none-eabi/12.3.1/../../../../arm-none-eabi/lib/thumb/v7e-m+fp/hard\libc_nano.a(libc_a-memset.o)
 .debug_frame   0x00002c58       0x2c C:/ST/STM32CubeIDE_1.15.0/STM32CubeIDE/plugins/com.st.stm32cube.ide.mcu.externaltools.gnu-tools-for-stm32.12.3.rel1.win32_1.0.100.202403111256/tools/bin/../lib/gcc/arm-none-eabi/12.3.1/../../../../arm-none-eabi/lib/thumb/v7e-m+fp/hard\libc_nano.a(libc_a-init.o)
 .debug_frame   0x00002c84       0x2c C:/ST/STM32CubeIDE_1.15.0/STM32CubeIDE/plugins/com.st.stm32cube.ide.mcu.externaltools.gnu-tools-for-stm32.12.3.rel1.win32_1.0.100.202403111256/tools/bin/../lib/gcc/arm-none-eabi/12.3.1/thumb/v7e-m+fp/hard\libgcc.a(_aeabi_uldivmod.o)
 .debug_frame   0x00002cb0       0x34 C:/ST/STM32CubeIDE_1.15.0/STM32CubeIDE/plugins/com.st.stm32cube.ide.mcu.externaltools.gnu-tools-for-stm32.12.3.rel1.win32_1.0.100.202403111256/tools/bin/../lib/gcc/arm-none-eabi/12.3.1/thumb/v7e-m+fp/hard\libgcc.a(_udivmoddi4.o)

.debug_line_str
                0x00000000       0x70
 .debug_line_str
                0x00000000       0x70 ./Core/Startup/startup_stm32f411ceux.o
